UPDATE ERROR:
Error: Incorrect datetime value: '2026-05-19T22:29:17.000Z' for column 'created_at' at row 1
    at PromisePool.execute (C:\Users\ANIETO\Desktop\360-Fase-1---Talento-Humano\backend\node_modules\mysql2\lib\promise\pool.js:54:22)
    at PlantaOperacion.update (C:\Users\ANIETO\Desktop\360-Fase-1---Talento-Humano\backend\models\plantaOperacion.model.js:108:41)
    at updatePlantaOperacion (C:\Users\ANIETO\Desktop\360-Fase-1---Talento-Humano\backend\controllers\plantaOperacion.controller.js:302:46)
    at Layer.handleRequest (C:\Users\ANIETO\Desktop\360-Fase-1---Talento-Humano\backend\node_modules\router\lib\layer.js:152:17)
    at next (C:\Users\ANIETO\Desktop\360-Fase-1---Talento-Humano\backend\node_modules\router\lib\route.js:157:13)
    at C:\Users\ANIETO\Desktop\360-Fase-1---Talento-Humano\backend\middleware\permission.middleware.js:53:24
    at Layer.handleRequest (C:\Users\ANIETO\Desktop\360-Fase-1---Talento-Humano\backend\node_modules\router\lib\layer.js:152:17)
    at next (C:\Users\ANIETO\Desktop\360-Fase-1---Talento-Humano\backend\node_modules\router\lib\route.js:157:13)
    at verifyToken (C:\Users\ANIETO\Desktop\360-Fase-1---Talento-Humano\backend\middleware\auth.middleware.js:14:9)
    at Layer.handleRequest (C:\Users\ANIETO\Desktop\360-Fase-1---Talento-Humano\backend\node_modules\router\lib\layer.js:152:17)

